[2025-02-27 06:57:25] local.DEBUG: Process Apps dispatched  
[2025-02-27 06:57:26] local.DEBUG: Process Apps dispatched  
[2025-02-27 06:57:26] local.DEBUG: Update of all apps triggered!  
[2025-02-27 06:57:26] local.DEBUG: Update of all apps finished!  
[2025-02-27 06:57:27] local.DEBUG: Process Apps dispatched  
[2025-02-27 07:00:42] local.DEBUG: Process Apps dispatched  
[2025-02-27 07:06:20] local.DEBUG: Process Apps dispatched  
[2025-02-27 07:14:49] local.DEBUG: Process Apps dispatched  
[2025-02-27 07:21:48] local.DEBUG: Process Apps dispatched  
[2025-02-27 07:24:03] local.DEBUG: Process Apps dispatched  
[2025-02-27 07:25:04] local.DEBUG: Process Apps dispatched  
[2025-02-27 07:26:04] local.DEBUG: Process Apps dispatched  
[2025-02-27 07:27:05] local.DEBUG: Process Apps dispatched  
[2025-02-27 07:28:05] local.DEBUG: Process Apps dispatched  
[2025-02-27 07:29:05] local.DEBUG: Process Apps dispatched  
[2025-02-27 07:30:05] local.DEBUG: Process Apps dispatched  
[2025-02-27 07:31:06] local.DEBUG: Process Apps dispatched  
[2025-02-27 07:31:33] local.DEBUG: Process Apps dispatched  
[2025-02-27 07:32:30] local.DEBUG: Process Apps dispatched  
[2025-02-27 07:33:31] local.DEBUG: Process Apps dispatched  
[2025-02-27 07:34:31] local.DEBUG: Process Apps dispatched  
[2025-02-27 07:35:31] local.DEBUG: Process Apps dispatched  
[2025-02-27 07:36:31] local.DEBUG: Process Apps dispatched  
[2025-02-27 07:37:32] local.DEBUG: Process Apps dispatched  
[2025-02-27 07:38:32] local.DEBUG: Process Apps dispatched  
[2025-02-27 07:39:32] local.DEBUG: Process Apps dispatched  
[2025-02-27 07:40:32] local.DEBUG: Process Apps dispatched  
[2025-02-27 07:41:33] local.DEBUG: Process Apps dispatched  
[2025-02-27 07:42:33] local.DEBUG: Process Apps dispatched  
[2025-02-27 07:43:33] local.DEBUG: Process Apps dispatched  
[2025-02-27 07:44:33] local.DEBUG: Process Apps dispatched  
[2025-02-27 07:45:34] local.DEBUG: Process Apps dispatched  
[2025-02-27 07:46:36] local.DEBUG: Process Apps dispatched  
[2025-02-27 07:47:36] local.DEBUG: Process Apps dispatched  
[2025-02-27 07:48:37] local.DEBUG: Process Apps dispatched  
[2025-02-27 07:49:37] local.DEBUG: Process Apps dispatched  
[2025-02-27 07:50:37] local.DEBUG: Process Apps dispatched  
[2025-02-27 07:51:37] local.DEBUG: Process Apps dispatched  
[2025-02-27 07:52:37] local.DEBUG: Process Apps dispatched  
[2025-02-27 07:53:38] local.DEBUG: Process Apps dispatched  
[2025-02-27 07:54:38] local.DEBUG: Process Apps dispatched  
[2025-02-27 07:55:38] local.DEBUG: Process Apps dispatched  
[2025-02-27 07:56:38] local.DEBUG: Process Apps dispatched  
[2025-02-27 07:57:38] local.DEBUG: Process Apps dispatched  
[2025-02-27 07:58:39] local.DEBUG: Process Apps dispatched  
[2025-02-27 07:59:39] local.DEBUG: Process Apps dispatched  
[2025-02-27 08:00:39] local.DEBUG: Process Apps dispatched  
[2025-02-27 08:01:39] local.DEBUG: Process Apps dispatched  
[2025-02-27 08:02:40] local.DEBUG: Process Apps dispatched  
[2025-02-27 08:03:40] local.DEBUG: Process Apps dispatched  
[2025-02-27 08:04:40] local.DEBUG: Process Apps dispatched  
[2025-02-27 08:05:40] local.DEBUG: Process Apps dispatched  
[2025-02-27 08:06:41] local.DEBUG: Process Apps dispatched  
[2025-02-27 08:07:41] local.DEBUG: Process Apps dispatched  
[2025-02-27 08:08:41] local.DEBUG: Process Apps dispatched  
[2025-02-27 08:09:41] local.DEBUG: Process Apps dispatched  
[2025-02-27 08:10:41] local.DEBUG: Process Apps dispatched  
[2025-02-27 08:11:42] local.DEBUG: Process Apps dispatched  
[2025-02-27 08:12:42] local.DEBUG: Process Apps dispatched  
[2025-02-27 08:13:42] local.DEBUG: Process Apps dispatched  
[2025-02-27 08:14:44] local.DEBUG: Process Apps dispatched  
[2025-02-27 08:15:44] local.DEBUG: Process Apps dispatched  
[2025-02-27 08:16:44] local.DEBUG: Process Apps dispatched  
[2025-02-27 08:17:44] local.DEBUG: Process Apps dispatched  
[2025-02-27 08:18:44] local.DEBUG: Process Apps dispatched  
[2025-02-27 08:19:45] local.DEBUG: Process Apps dispatched  
[2025-02-27 08:20:45] local.DEBUG: Process Apps dispatched  
[2025-02-27 08:21:45] local.DEBUG: Process Apps dispatched  
[2025-02-27 08:22:45] local.DEBUG: Process Apps dispatched  
[2025-02-27 08:23:46] local.DEBUG: Process Apps dispatched  
[2025-02-27 08:24:46] local.DEBUG: Process Apps dispatched  
[2025-02-27 08:25:46] local.DEBUG: Process Apps dispatched  
[2025-02-27 08:26:46] local.DEBUG: Process Apps dispatched  
[2025-02-27 08:27:46] local.DEBUG: Process Apps dispatched  
[2025-02-27 08:28:47] local.DEBUG: Process Apps dispatched  
[2025-02-27 08:29:47] local.DEBUG: Process Apps dispatched  
[2025-02-27 08:30:47] local.DEBUG: Process Apps dispatched  
[2025-02-27 08:31:47] local.DEBUG: Process Apps dispatched  
[2025-02-27 08:32:48] local.DEBUG: Process Apps dispatched  
[2025-02-27 08:33:48] local.DEBUG: Process Apps dispatched  
[2025-02-27 08:34:48] local.DEBUG: Process Apps dispatched  
[2025-02-27 08:35:48] local.DEBUG: Process Apps dispatched  
[2025-02-27 08:36:20] local.DEBUG: Process Apps dispatched  
[2025-02-27 08:36:25] local.DEBUG: Process Apps dispatched  
[2025-02-27 08:36:34] local.DEBUG: Process Apps dispatched  
[2025-02-27 08:36:40] local.DEBUG: Process Apps dispatched  
[2025-02-27 08:36:49] local.DEBUG: Process Apps dispatched  
[2025-02-27 08:37:49] local.DEBUG: Process Apps dispatched  
[2025-02-27 08:38:49] local.DEBUG: Process Apps dispatched  
[2025-02-27 08:39:17] local.DEBUG: Process Apps dispatched  
[2025-02-27 08:39:18] local.DEBUG: Process Apps dispatched  
[2025-02-27 08:39:50] local.DEBUG: Process Apps dispatched  
[2025-02-27 08:40:50] local.DEBUG: Process Apps dispatched  
[2025-02-27 08:41:50] local.DEBUG: Process Apps dispatched  
[2025-02-27 08:42:50] local.DEBUG: Process Apps dispatched  
[2025-02-27 08:43:51] local.DEBUG: Process Apps dispatched  
[2025-02-27 08:44:51] local.DEBUG: Process Apps dispatched  
[2025-02-27 08:45:09] local.DEBUG: Process Apps dispatched  
[2025-02-27 08:45:15] local.DEBUG: Process Apps dispatched  
[2025-02-27 08:45:25] local.DEBUG: Process Apps dispatched  
[2025-02-27 08:45:34] local.DEBUG: Process Apps dispatched  
[2025-02-27 08:45:41] local.DEBUG: Process Apps dispatched  
[2025-02-27 08:45:41] local.DEBUG: Process Apps dispatched  
[2025-02-27 08:45:46] local.DEBUG: Process Apps dispatched  
[2025-02-27 08:45:50] local.DEBUG: Process Apps dispatched  
[2025-02-27 08:45:51] local.DEBUG: Process Apps dispatched  
[2025-02-27 08:46:02] local.DEBUG: Process Apps dispatched  
[2025-02-27 08:46:10] local.DEBUG: Process Apps dispatched  
[2025-02-27 08:46:10] local.DEBUG: Process Apps dispatched  
[2025-02-27 08:46:16] local.DEBUG: Process Apps dispatched  
[2025-02-27 08:46:24] local.DEBUG: Process Apps dispatched  
[2025-02-27 08:46:36] local.DEBUG: Process Apps dispatched  
[2025-02-27 08:46:41] local.DEBUG: Process Apps dispatched  
[2025-02-27 08:46:51] local.DEBUG: Process Apps dispatched  
[2025-02-27 08:46:51] local.DEBUG: Process Apps dispatched  
[2025-02-27 08:46:51] local.DEBUG: Process Apps dispatched  
[2025-02-27 08:46:54] local.DEBUG: Process Apps dispatched  
[2025-02-27 08:46:58] local.DEBUG: Process Apps dispatched  
[2025-02-27 08:47:02] local.DEBUG: Process Apps dispatched  
[2025-02-27 08:47:10] local.DEBUG: Process Apps dispatched  
[2025-02-27 08:47:11] local.DEBUG: Process Apps dispatched  
[2025-02-27 08:47:18] local.DEBUG: Process Apps dispatched  
[2025-02-27 08:47:51] local.DEBUG: Process Apps dispatched  
[2025-02-27 08:48:08] local.DEBUG: Process Apps dispatched  
[2025-02-27 08:48:08] local.DEBUG: Process Apps dispatched  
[2025-02-27 08:48:29] local.DEBUG: Process Apps dispatched  
[2025-02-27 08:48:35] local.DEBUG: Process Apps dispatched  
[2025-02-27 08:48:52] local.DEBUG: Process Apps dispatched  
[2025-02-27 08:49:52] local.DEBUG: Process Apps dispatched  
[2025-02-27 08:50:52] local.DEBUG: Process Apps dispatched  
[2025-02-27 08:50:56] local.DEBUG: Process Apps dispatched  
[2025-02-27 08:50:56] local.DEBUG: Get app triggered for: f2baa52d02ca888455ce47823f47bf372d5eecb3  
[2025-02-27 08:50:56] local.DEBUG: Download triggered for stdClass Object
(
    [appid] => f2baa52d02ca888455ce47823f47bf372d5eecb3
    [name] => Nextcloud
    [website] => https://nextcloud.com
    [license] => GNU Affero General Public License v3.0 only
    [description] => Nextcloud is an open source, self-hosted file share and communication platform. Access and sync your files, contacts, calendars and communicate and collaborate across your devices.
    [enhanced] => 1
    [tile_background] => light
    [icon] => nextcloud.svg
    [config] => stdClass Object
        (
            [type] => basic_auth
            [additional_headers] => stdClass Object
                (
                    [OCS-APIRequest] => true
                )

            [stat1] => stdClass Object
                (
                    [name] => Total
                    [url] => :url:ocs/v2.php/cloud/users/:username:?format=json
                    [key] => ocs.data.quota.total
                    [filter] => size
                    [updateOnChange] => No
                    [suffix] => 
                )

            [stat2] => stdClass Object
                (
                    [name] => Used
                    [url] => :url:ocs/v2.php/cloud/users/:username:?format=json
                    [key] => ocs.data.quota.used
                    [filter] => size
                    [updateOnChange] => No
                    [suffix] => 
                )

        )

    [sha] => 4bc79eeb33f580122fdf6e6d2344d462c603fcb3
    [class] => App\SupportedApps\Nextcloud\Nextcloud
)
  
[2025-02-27 08:57:18] local.DEBUG: Get app triggered for: 366c6646eedab83cc4b349f198424d2291cbfa76  
[2025-02-27 08:57:18] local.DEBUG: Download triggered for stdClass Object
(
    [appid] => 366c6646eedab83cc4b349f198424d2291cbfa76
    [name] => Uptime Kuma
    [website] => https://uptime.kuma.pet
    [license] => MIT License
    [description] => It is a self-hosted monitoring tool like "Uptime Robot".
    [enhanced] => 1
    [tile_background] => dark
    [icon] => uptimekuma.svg
    [sha] => 5179586b1259c3eba3fbf0c4712436110adb1885
    [class] => App\SupportedApps\UptimeKuma\UptimeKuma
)
  
[2025-02-27 08:57:41] local.DEBUG: Get app triggered for: 366c6646eedab83cc4b349f198424d2291cbfa76  
[2025-02-27 08:57:57] local.DEBUG: Get app triggered for: 366c6646eedab83cc4b349f198424d2291cbfa76  
[2025-02-27 08:58:16] local.DEBUG: Get app triggered for: 366c6646eedab83cc4b349f198424d2291cbfa76  
[2025-02-27 08:58:33] local.DEBUG: Get app triggered for: 366c6646eedab83cc4b349f198424d2291cbfa76  
[2025-02-27 09:11:07] local.DEBUG: Get app triggered for: 366c6646eedab83cc4b349f198424d2291cbfa76  
[2025-02-27 09:17:48] local.DEBUG: Get app triggered for: 366c6646eedab83cc4b349f198424d2291cbfa76  
[2025-02-27 09:19:38] local.DEBUG: Get app triggered for: bc99430645db7c79e2901d65598bb8cf91f77b4e  
[2025-02-27 09:19:38] local.DEBUG: Download triggered for stdClass Object
(
    [appid] => bc99430645db7c79e2901d65598bb8cf91f77b4e
    [name] => Duplicati
    [website] => https://www.duplicati.com
    [license] => GNU Lesser General Public License v2.1 only
    [description] => Free backup software to store backups online with strong encryption. Works with FTP, SSH, WebDAV, OneDrive, Amazon S3, Google Drive and many others.
    [enhanced] => 1
    [tile_background] => dark
    [icon] => duplicati.png
    [sha] => beb5295c6f287bb3a75e715c981575e69485cb02
    [class] => App\SupportedApps\Duplicati\Duplicati
)
  
[2025-02-27 09:19:38] local.ERROR: View [Duplicati.config] not found. {"exception":"[object] (InvalidArgumentException(code: 0): View [Duplicati.config] not found. at /app/www/vendor/laravel/framework/src/Illuminate/View/FileViewFinder.php:137)
[stacktrace]
#0 /app/www/vendor/laravel/framework/src/Illuminate/View/FileViewFinder.php(92): Illuminate\\View\\FileViewFinder->findInPaths()
#1 /app/www/vendor/laravel/framework/src/Illuminate/View/FileViewFinder.php(76): Illuminate\\View\\FileViewFinder->findNamespacedView()
#2 /app/www/vendor/laravel/framework/src/Illuminate/View/Factory.php(137): Illuminate\\View\\FileViewFinder->find()
#3 /app/www/vendor/laravel/framework/src/Illuminate/Foundation/helpers.php(1020): Illuminate\\View\\Factory->make()
#4 /app/www/routes/web.php(80): view()
#5 /app/www/vendor/laravel/framework/src/Illuminate/Routing/CallableDispatcher.php(40): Illuminate\\Routing\\RouteFileRegistrar->{closure}()
#6 /app/www/vendor/laravel/framework/src/Illuminate/Routing/Route.php(237): Illuminate\\Routing\\CallableDispatcher->dispatch()
#7 /app/www/vendor/laravel/framework/src/Illuminate/Routing/Route.php(208): Illuminate\\Routing\\Route->runCallable()
#8 /app/www/vendor/laravel/framework/src/Illuminate/Routing/Router.php(806): Illuminate\\Routing\\Route->run()
#9 /app/www/vendor/laravel/framework/src/Illuminate/Pipeline/Pipeline.php(144): Illuminate\\Routing\\Router->Illuminate\\Routing\\{closure}()
#10 /app/www/vendor/laravel/framework/src/Illuminate/Routing/Middleware/SubstituteBindings.php(50): Illuminate\\Pipeline\\Pipeline->Illuminate\\Pipeline\\{closure}()
#11 /app/www/vendor/laravel/framework/src/Illuminate/Pipeline/Pipeline.php(183): Illuminate\\Routing\\Middleware\\SubstituteBindings->handle()
#12 /app/www/vendor/laravel/framework/src/Illuminate/Foundation/Http/Middleware/VerifyCsrfToken.php(78): Illuminate\\Pipeline\\Pipeline->Illuminate\\Pipeline\\{closure}()
#13 /app/www/vendor/laravel/framework/src/Illuminate/Pipeline/Pipeline.php(183): Illuminate\\Foundation\\Http\\Middleware\\VerifyCsrfToken->handle()
#14 /app/www/vendor/laravel/framework/src/Illuminate/View/Middleware/ShareErrorsFromSession.php(49): Illuminate\\Pipeline\\Pipeline->Illuminate\\Pipeline\\{closure}()
#15 /app/www/vendor/laravel/framework/src/Illuminate/Pipeline/Pipeline.php(183): Illuminate\\View\\Middleware\\ShareErrorsFromSession->handle()
#16 /app/www/vendor/laravel/framework/src/Illuminate/Session/Middleware/StartSession.php(121): Illuminate\\Pipeline\\Pipeline->Illuminate\\Pipeline\\{closure}()
#17 /app/www/vendor/laravel/framework/src/Illuminate/Session/Middleware/StartSession.php(64): Illuminate\\Session\\Middleware\\StartSession->handleStatefulRequest()
#18 /app/www/vendor/laravel/framework/src/Illuminate/Pipeline/Pipeline.php(183): Illuminate\\Session\\Middleware\\StartSession->handle()
#19 /app/www/vendor/laravel/framework/src/Illuminate/Cookie/Middleware/AddQueuedCookiesToResponse.php(37): Illuminate\\Pipeline\\Pipeline->Illuminate\\Pipeline\\{closure}()
#20 /app/www/vendor/laravel/framework/src/Illuminate/Pipeline/Pipeline.php(183): Illuminate\\Cookie\\Middleware\\AddQueuedCookiesToResponse->handle()
#21 /app/www/vendor/laravel/framework/src/Illuminate/Cookie/Middleware/EncryptCookies.php(67): Illuminate\\Pipeline\\Pipeline->Illuminate\\Pipeline\\{closure}()
#22 /app/www/vendor/laravel/framework/src/Illuminate/Pipeline/Pipeline.php(183): Illuminate\\Cookie\\Middleware\\EncryptCookies->handle()
#23 /app/www/vendor/laravel/framework/src/Illuminate/Pipeline/Pipeline.php(119): Illuminate\\Pipeline\\Pipeline->Illuminate\\Pipeline\\{closure}()
#24 /app/www/vendor/laravel/framework/src/Illuminate/Routing/Router.php(805): Illuminate\\Pipeline\\Pipeline->then()
#25 /app/www/vendor/laravel/framework/src/Illuminate/Routing/Router.php(784): Illuminate\\Routing\\Router->runRouteWithinStack()
#26 /app/www/vendor/laravel/framework/src/Illuminate/Routing/Router.php(748): Illuminate\\Routing\\Router->runRoute()
#27 /app/www/vendor/laravel/framework/src/Illuminate/Routing/Router.php(737): Illuminate\\Routing\\Router->dispatchToRoute()
#28 /app/www/vendor/laravel/framework/src/Illuminate/Foundation/Http/Kernel.php(200): Illuminate\\Routing\\Router->dispatch()
#29 /app/www/vendor/laravel/framework/src/Illuminate/Pipeline/Pipeline.php(144): Illuminate\\Foundation\\Http\\Kernel->Illuminate\\Foundation\\Http\\{closure}()
#30 /app/www/vendor/laravel/framework/src/Illuminate/Http/Middleware/TrustProxies.php(39): Illuminate\\Pipeline\\Pipeline->Illuminate\\Pipeline\\{closure}()
#31 /app/www/vendor/laravel/framework/src/Illuminate/Pipeline/Pipeline.php(183): Illuminate\\Http\\Middleware\\TrustProxies->handle()
#32 /app/www/vendor/laravel/framework/src/Illuminate/Foundation/Http/Middleware/TransformsRequest.php(21): Illuminate\\Pipeline\\Pipeline->Illuminate\\Pipeline\\{closure}()
#33 /app/www/vendor/laravel/framework/src/Illuminate/Foundation/Http/Middleware/ConvertEmptyStringsToNull.php(31): Illuminate\\Foundation\\Http\\Middleware\\TransformsRequest->handle()
#34 /app/www/vendor/laravel/framework/src/Illuminate/Pipeline/Pipeline.php(183): Illuminate\\Foundation\\Http\\Middleware\\ConvertEmptyStringsToNull->handle()
#35 /app/www/vendor/laravel/framework/src/Illuminate/Foundation/Http/Middleware/TransformsRequest.php(21): Illuminate\\Pipeline\\Pipeline->Illuminate\\Pipeline\\{closure}()
#36 /app/www/vendor/laravel/framework/src/Illuminate/Foundation/Http/Middleware/TrimStrings.php(40): Illuminate\\Foundation\\Http\\Middleware\\TransformsRequest->handle()
#37 /app/www/vendor/laravel/framework/src/Illuminate/Pipeline/Pipeline.php(183): Illuminate\\Foundation\\Http\\Middleware\\TrimStrings->handle()
#38 /app/www/vendor/laravel/framework/src/Illuminate/Foundation/Http/Middleware/ValidatePostSize.php(27): Illuminate\\Pipeline\\Pipeline->Illuminate\\Pipeline\\{closure}()
#39 /app/www/vendor/laravel/framework/src/Illuminate/Pipeline/Pipeline.php(183): Illuminate\\Foundation\\Http\\Middleware\\ValidatePostSize->handle()
#40 /app/www/vendor/laravel/framework/src/Illuminate/Foundation/Http/Middleware/PreventRequestsDuringMaintenance.php(99): Illuminate\\Pipeline\\Pipeline->Illuminate\\Pipeline\\{closure}()
#41 /app/www/vendor/laravel/framework/src/Illuminate/Pipeline/Pipeline.php(183): Illuminate\\Foundation\\Http\\Middleware\\PreventRequestsDuringMaintenance->handle()
#42 /app/www/vendor/laravel/framework/src/Illuminate/Pipeline/Pipeline.php(119): Illuminate\\Pipeline\\Pipeline->Illuminate\\Pipeline\\{closure}()
#43 /app/www/vendor/laravel/framework/src/Illuminate/Foundation/Http/Kernel.php(175): Illuminate\\Pipeline\\Pipeline->then()
#44 /app/www/vendor/laravel/framework/src/Illuminate/Foundation/Http/Kernel.php(144): Illuminate\\Foundation\\Http\\Kernel->sendRequestThroughRouter()
#45 /app/www/public/index.php(54): Illuminate\\Foundation\\Http\\Kernel->handle()
#46 {main}
"} 
[2025-02-27 10:17:57] local.DEBUG: Get app triggered for: cbfad988a16a9fbcc1812bc206afcc1f73dd36de  
[2025-02-27 10:17:57] local.DEBUG: Download triggered for stdClass Object
(
    [appid] => cbfad988a16a9fbcc1812bc206afcc1f73dd36de
    [name] => Nginx Proxy Manager
    [website] => https://nginxproxymanager.jc21.com
    [license] => MIT License
    [description] => This project comes as a pre-built docker image that enables you to easily forward to your websites running at home or otherwise, including free SSL, without having to know too much about Nginx or Letsencrypt.
    [enhanced] => 1
    [tile_background] => light
    [icon] => nginxproxymanager.png
    [sha] => 0b8e03a7f9a833c0e644f401ee85926b8ba86c73
    [class] => App\SupportedApps\NginxProxyManager\NginxProxyManager
)
  
[2025-02-27 10:18:18] local.DEBUG: Get app triggered for: cf796459bad1da470debfed16506e47aab347dbe  
[2025-02-27 10:18:18] local.DEBUG: Download triggered for stdClass Object
(
    [appid] => cf796459bad1da470debfed16506e47aab347dbe
    [name] => Wiki.js
    [website] => https://wiki.js.org
    [license] => GNU Affero General Public License v3.0
    [description] => Wiki.js | A modern, lightweight and powerful wiki app built on Node.js
    [enhanced] => 
    [tile_background] => light
    [icon] => wikijs.png
    [sha] => ecb9051bf98a20c054a3d72ae1ec6058abf1da64
    [class] => App\SupportedApps\Wikijs\Wikijs
)
  
